.text
.globl raw_insn
raw_insn:
	.insn 0x00000013
.insn 4, 0x00000013
.insn r 0x33, 0, 0, a0, a1, a2
.insn i 0x13, 0, a0, a1, 1
.insn s 0x23, 2, a0, a1, 8
.insn b 0x63, 0, a0, a1, label
.insn u 0x37, a0, 0x10000
.insn j 0x6f, a0, label
.insn cr 0x2, 0x8, a0, a1
.insn ci 0x1, 0x0, a0, 1
.insn css 0x2, 0x6, a0, 8
.insn ciw 0x0, 0x0, a0, 4
.insn cl 0x0, 0x2, a0, a1, 8
.insn cs 0x0, 0x6, a0, a1, 8
.insn ca 0x1, 0x4, a0, a1
.insn cb 0x1, 0x6, a0, label
.insn cj 0x1, 0x5, label
label:
	ret
